2026-05-22 18:23:06.169001: E external/local_xla/xla/stream_executor/cuda/cuda_fft.cc:467] Unable to register cuFFT factory: Attempting to register factory for plugin cuFFT when one has already been registered
WARNING: All log messages before absl::InitializeLog() is called are written to STDERR
E0000 00:00:1779463386.364458  168687 cuda_dnn.cc:8579] Unable to register cuDNN factory: Attempting to register factory for plugin cuDNN when one has already been registered
E0000 00:00:1779463386.422446  168687 cuda_blas.cc:1407] Unable to register cuBLAS factory: Attempting to register factory for plugin cuBLAS when one has already been registered
W0000 00:00:1779463386.873858  168687 computation_placer.cc:177] computation placer already registered. Please check linkage and avoid linking the same target more than once.
W0000 00:00:1779463386.873939  168687 computation_placer.cc:177] computation placer already registered. Please check linkage and avoid linking the same target more than once.
W0000 00:00:1779463386.873947  168687 computation_placer.cc:177] computation placer already registered. Please check linkage and avoid linking the same target more than once.
W0000 00:00:1779463386.873950  168687 computation_placer.cc:177] computation placer already registered. Please check linkage and avoid linking the same target more than once.
2026-05-22 18:23:06.938925: I tensorflow/core/platform/cpu_feature_guard.cc:210] This TensorFlow binary is optimized to use available CPU instructions in performance-critical operations.
To enable the following instructions: AVX2 FMA, in other operations, rebuild TensorFlow with the appropriate compiler flags.
I0000 00:00:1779463434.827644  168687 gpu_device.cc:2019] Created device /job:localhost/replica:0/task:0/device:GPU:0 with 4066 MB memory:  -> device: 0, name: NVIDIA GeForce GTX 1660 Ti, pci bus id: 0000:01:00.0, compute capability: 7.5
I0000 00:00:1779463443.888701  168750 cuda_dnn.cc:529] Loaded cuDNN version 90300
WARNING: All log messages before absl::InitializeLog() is called are written to STDERR
I0000 00:00:1779463456.536337  168751 service.cc:152] XLA service 0x7de594006790 initialized for platform CUDA (this does not guarantee that XLA will be used). Devices:
I0000 00:00:1779463456.536411  168751 service.cc:160]   StreamExecutor device (0): NVIDIA GeForce GTX 1660 Ti, Compute Capability 7.5
2026-05-22 18:24:16.639848: I tensorflow/compiler/mlir/tensorflow/utils/dump_mlir_util.cc:269] disabling MLIR crash reproducer, set env var `MLIR_CRASH_REPRODUCER_DIRECTORY` to enable.
I0000 00:00:1779463460.633525  168751 device_compiler.h:188] Compiled cluster using XLA!  This line is logged at most once for the lifetime of the process.
 Total Return (%)   CAGR (%)  Sharpe Ratio  Sortino Ratio  Profit Factor  Win Rate (%)  Max Drawdown (%)  Recovery Factor  Calmar Ratio  Annualized Volatility (%)  Time Underwater (bars)  Ulcer Index  Max Consecutive Losses  Trade Events  Benchmark Return (%)  Alpha vs Benchmark (%)  Benchmark Sharpe Ratio  IS_Total Return (%)  IS_CAGR (%)  IS_Sharpe Ratio  IS_Sortino Ratio  IS_Profit Factor  IS_Win Rate (%)  IS_Max Drawdown (%)  IS_Recovery Factor  IS_Calmar Ratio  IS_Annualized Volatility (%)  IS_Time Underwater (bars)  IS_Ulcer Index  IS_Max Consecutive Losses  IS_Trade Events  IS_Benchmark Return (%)  IS_Alpha vs Benchmark (%)  IS_Benchmark Sharpe Ratio  Walk-Forward Efficiency  Walk-Forward Efficiency (Sharpe)  IS Annualized Return  OOS Annualized Return  Fold
         0.427949  24.613762      5.428859      34.850684       6.354441     50.000000         -0.080000         5.349357    307.672026                   3.697442                     1.0     0.000800                     1.0           2.0             -6.031624                6.459572               -4.487875            89.538490  4347.570890         9.274204         16.738958          1.593936        50.136612            -3.087149           29.003614      1408.280017                     41.635570                      958.0        0.008559                        5.0            176.0               110.413512                 -20.875022                   7.098122                 0.005661                          0.585372             43.475709               0.246138     1
         1.102147  75.913631      7.726115      12.312643       1.946581     55.000000         -0.644704         1.709538    117.749508                   7.084232                    12.0     0.002196                     2.0          10.0              5.006532               -3.904385                6.934169            90.226843  4444.297722         9.028504         16.084440          1.587744        49.851190            -3.087149           29.226587      1439.612103                     43.074544                      862.0        0.008709                        5.0            165.0                67.660466                  22.566377                   4.858268                 0.017081                          0.855747             44.442977               0.759136     2
         4.009245 658.066388      5.435951       7.955688       1.378868     43.137255         -3.008053         1.332837    218.768188                  38.236855                    51.0     0.011476                     4.0          26.0             -0.074266                4.083511                0.157805            63.069232  1721.458771         7.857359         14.292972          1.591017        49.036778            -3.677802           17.148622       468.067313                     37.574021                      913.0        0.007834                        4.0            203.0                13.127768                  49.941464                   1.460114                 0.382273                          0.691829             17.214588               6.580664     3
        -3.815478 -86.528363     -2.559338      -3.516861       0.899619     46.728972        -10.184294        -0.374643     -8.496255                  69.696727                   169.0     0.046902                     6.0          20.0            -11.104018                7.288540               -6.289774            53.399456  1167.233978         7.825573         13.479262          1.563611        49.074074            -2.915668           18.314654       400.331549                     32.886525                      747.0        0.007760                        5.0            179.0                20.603965                  32.795490                   2.109556                -0.074131                         -0.327048             11.672340              -0.865284     4
         0.291273  16.168675      0.582507       0.796860       1.041456     44.680851         -5.079128         0.057347      3.183356                  29.949450                   141.0     0.011150                     4.0          24.0             -0.538296                0.829569               -0.198623            55.451771  1271.237045         6.931511         13.544219          1.620161        50.551876            -3.400066           16.309028       373.886004                     38.544742                      543.0        0.008178                        5.0            157.0               -12.125693                  67.577464                  -0.929627                 0.012719                          0.084037             12.712370               0.161687     5
         1.774965 147.590644      2.109954       2.970282       1.102890     44.155844         -3.770231         0.470784     39.146311                  47.288978                   100.0     0.018594                     7.0          27.0             -7.312800                9.087764               -5.007964            34.811452   488.739546         5.372512          8.786433          1.436844        51.364764            -6.494097            5.360476        75.259045                     33.676833                      568.0        0.012491                        5.0            141.0               -22.809324                  57.620776                  -2.245457                 0.301982                          0.392731              4.887395               1.475906     6
        -0.008944  -0.459862     -3.189640      -4.267544       0.888906     50.000000         -0.080000        -0.111806     -5.748275                   0.770611                   136.0     0.000112                     1.0           2.0              8.363263               -8.372207                7.066867            44.782578   799.176086         5.890535          9.626343          1.447439        50.000000            -6.659936            6.724175       119.997558                     38.180014                      637.0        0.019212                        5.0            130.0               -37.934854                  82.717432                  -3.671731                -0.000575                         -0.541486              7.991761              -0.004599     7
         1.508087 116.259060      3.327140       5.079221       1.228097     36.538462         -1.826511         0.825665     63.650884                  23.399791                    90.0     0.006221                     5.0          16.0              1.475903                0.032184                1.418402            36.381976   530.633733         5.100311          8.089001          1.373945        49.512195            -6.659936            5.462812        79.675497                     37.057299                      695.0        0.018757                        5.0            117.0               -32.898867                  69.280843                  -2.871817                 0.219095                          0.652341              5.306337               1.162591     8
        -1.317416 -49.508654     -4.434353      -6.018620       0.794237     43.333333         -2.944852        -0.447363    -16.811934                  15.588904                   169.0     0.014522                     4.0          20.0             -3.020747                1.703331               -3.661916            39.239553   613.222937         5.532556          8.752477          1.419075        47.926267            -6.659936            5.891881        92.076398                     36.340901                      717.0        0.018474                        5.0            122.0               -23.224305                  62.463857                  -1.830861                -0.080735                         -0.801502              6.132229              -0.495087     9
        -0.531676 -24.020019     -1.967631      -2.759764       0.900684     39.622642         -2.397516        -0.221761    -10.018710                  14.449724                   160.0     0.012453                    10.0          20.0              2.394414               -2.926089                2.853501            67.278815  2018.911994         8.377300         13.054703          1.585944        49.531250            -6.659936           10.102021       303.142841                     37.032529                      862.0        0.015718                        5.0            200.0                -3.097420                  70.376235                   0.021719                -0.011898                         -0.234876             20.189120              -0.240200    10
         4.573502 901.812414      8.226377      13.679836       1.492950     48.000000         -3.155216         1.449505    285.816335                  28.253668                    84.0     0.010725                     7.0          34.0             -0.419237                4.992739               -0.260794            70.173150  2246.004971         9.086813         14.647963          1.667429        51.240876            -5.603752           12.522530       400.803805                     35.187509                      866.0        0.008886                        7.0            176.0                -1.567281                  71.740431                   0.105144                 0.401518                          0.905309             22.460050               9.018124    11
        -1.106428 -43.634530     -2.833703      -3.278095       0.768999     35.000000         -2.826110        -0.391502    -15.439783                  20.214697                    71.0     0.013682                     2.0          15.0              3.895986               -5.002414                2.747457            54.587778  1226.620967         8.073080         14.000476          1.626432        50.000000            -5.350664           10.202058       229.246515                     32.425587                      882.0        0.008464                        8.0            158.0               -32.313917                  86.901695                  -3.405502                -0.035573                         -0.351006             12.266210              -0.436345    12
        -4.259518 -89.386274     -4.316564      -5.420421       0.787361     43.209877         -7.745165        -0.549958    -11.540912                  49.583087                   137.0     0.040413                     6.0          11.0             -1.968215               -2.291303               -1.234561            36.651646   538.070594         5.393257          8.620849          1.448563        50.000000            -8.605093            4.259297        62.529315                     35.132893                      841.0        0.012323                        5.0            127.0               -34.946588                  71.598235                  -3.611918                -0.166124                         -0.800363              5.380706              -0.893863    13
         1.676134 135.500599      5.879044      20.714317       2.260289     33.333333         -0.815337         2.055756    166.189710                  14.403847                     9.0     0.003926                     4.0           6.0              6.071657               -4.395524                5.347890            46.310646   856.986738         5.875273          9.296007          1.471687        49.655172            -8.605093            5.381772        99.590639                     39.423243                      708.0        0.014060                        5.0            116.0               -37.129012                  83.439659                  -3.445988                 0.158113                          1.000642              8.569867               1.355006    14
         2.898988 336.050476      4.417394       9.906094       1.551821     42.857143         -4.236828         0.684235     79.316528                  34.176516                    97.0     0.029686                     5.0          23.0             -1.618365                4.517353               -1.160116            53.226222  1158.764206         6.427418         10.271587          1.495919        49.435666            -8.605093            6.185432       134.660272                     40.360131                      547.0        0.016239                        5.0            110.0               -32.921038                  86.147261                  -2.819243                 0.290008                          0.687274             11.587642               3.360505    15
         0.000000   0.000000      0.000000       0.000000            inf      0.000000          0.000000         0.000000      0.000000                   0.000000                     0.0     0.000000                     0.0           0.0             12.105649              -12.105649                9.227525            56.807379  1343.750686         7.117298         11.598761          1.568150        48.744770            -8.605093            6.601599       156.157596                     38.259201                      572.0        0.013535                        6.0            118.0               -11.203802                  68.011180                  -0.667160                 0.000000                          0.000000             13.437507               0.000000    16
        -1.571083 -55.780156     -4.394743      -4.983921       0.809830     43.589744         -2.575514        -0.610007    -21.657871                  18.627440                   127.0     0.011512                     4.0          18.0             -1.429708               -0.141375               -1.749362            80.111796  3185.733320         9.918739         17.540401          1.706145        48.825503            -4.635590           17.281898       687.233590                     35.649968                      762.0        0.009453                        6.0            130.0                15.696798                  64.414997                   1.683474                -0.017509                         -0.443075             31.857333              -0.557802    17
        -2.106222 -66.610089     -5.928373      -7.630581       0.784688     40.000000         -3.337004        -0.631171    -19.961045                  18.550230                   156.0     0.013152                     5.0          23.0             -2.792812                0.686590               -4.148860            53.584955  1176.355934         9.205221         16.865875          1.574441        46.898638            -3.204027           16.724250       367.149162                     27.870639                      947.0        0.009460                        7.0            182.0                12.697862                  40.887092                   1.561866                -0.056624                         -0.644023             11.763559              -0.666101    18

--- Summary ---
  n_folds: 18
  mean_sharpe: 0.7504997186705729
  mean_profit_factor: 1.4701008919657195
  mean_total_return_pct: 0.19697353708926787
  mean_wfe: 0.07473780818510727
  mean_wfe_sharpe: 0.09510574050095677
  mean_calmar: 65.10100343804544
  mean_sortino: 3.910545357074828
  worst_max_drawdown_pct: -10.184294049553577
  mean_recovery_factor: 0.5887118655660956
  total_trade_events: 297
  folds_positive_return: 9
  sharpe_std_across_folds: 4.649910610025654

--- ACCEPTANCE (FAIL) ---
  [OK] min_folds: n_folds=18, required>=5
  [OK] min_oos_profit_factor: mean_pf=1.4701, required>=1.2
  [OK] min_oos_sharpe: mean_sharpe=0.7505, required>0.5
  [X] min_wfe: mean_wfe=0.0747, required>=0.5
  [OK] max_drawdown_pct: worst_dd=-10.18%, limit>=-35.0%
  [X] min_recovery_factor: mean_recovery=0.5887, required>=1.0
  [OK] min_total_return_pct: mean_return=0.20%, required>0.0%
  [OK] min_trade_events: total_trade_events=297, required>=30

--- TARGET (FAIL) ---
  [OK] min_folds: n_folds=18, required>=5
  [OK] min_oos_profit_factor: mean_pf=1.4701, required>=1.2
  [OK] min_oos_sharpe: mean_sharpe=0.7505, required>0.5
  [X] min_wfe: mean_wfe=0.0747, required>=0.5
  [OK] max_drawdown_pct: worst_dd=-10.18%, limit>=-35.0%
  [X] min_recovery_factor: mean_recovery=0.5887, required>=1.0
  [OK] min_total_return_pct: mean_return=0.20%, required>0.0%
  [OK] min_trade_events: total_trade_events=297, required>=30
