2026-05-22 16:22:42.945585: E external/local_xla/xla/stream_executor/cuda/cuda_fft.cc:467] Unable to register cuFFT factory: Attempting to register factory for plugin cuFFT when one has already been registered
WARNING: All log messages before absl::InitializeLog() is called are written to STDERR
E0000 00:00:1779456163.212155  101379 cuda_dnn.cc:8579] Unable to register cuDNN factory: Attempting to register factory for plugin cuDNN when one has already been registered
E0000 00:00:1779456163.291148  101379 cuda_blas.cc:1407] Unable to register cuBLAS factory: Attempting to register factory for plugin cuBLAS when one has already been registered
W0000 00:00:1779456163.916414  101379 computation_placer.cc:177] computation placer already registered. Please check linkage and avoid linking the same target more than once.
W0000 00:00:1779456163.916509  101379 computation_placer.cc:177] computation placer already registered. Please check linkage and avoid linking the same target more than once.
W0000 00:00:1779456163.916518  101379 computation_placer.cc:177] computation placer already registered. Please check linkage and avoid linking the same target more than once.
W0000 00:00:1779456163.916522  101379 computation_placer.cc:177] computation placer already registered. Please check linkage and avoid linking the same target more than once.
2026-05-22 16:22:43.995560: I tensorflow/core/platform/cpu_feature_guard.cc:210] This TensorFlow binary is optimized to use available CPU instructions in performance-critical operations.
To enable the following instructions: AVX2 FMA, in other operations, rebuild TensorFlow with the appropriate compiler flags.
I0000 00:00:1779456241.495019  101379 gpu_device.cc:2019] Created device /job:localhost/replica:0/task:0/device:GPU:0 with 4066 MB memory:  -> device: 0, name: NVIDIA GeForce GTX 1660 Ti, pci bus id: 0000:01:00.0, compute capability: 7.5
I0000 00:00:1779456252.727975  101445 cuda_dnn.cc:529] Loaded cuDNN version 90300
WARNING: All log messages before absl::InitializeLog() is called are written to STDERR
I0000 00:00:1779456268.669324  101442 service.cc:152] XLA service 0x7ceb18764180 initialized for platform CUDA (this does not guarantee that XLA will be used). Devices:
I0000 00:00:1779456268.669405  101442 service.cc:160]   StreamExecutor device (0): NVIDIA GeForce GTX 1660 Ti, Compute Capability 7.5
2026-05-22 16:24:28.781503: I tensorflow/compiler/mlir/tensorflow/utils/dump_mlir_util.cc:269] disabling MLIR crash reproducer, set env var `MLIR_CRASH_REPRODUCER_DIRECTORY` to enable.
I0000 00:00:1779456273.812557  101442 device_compiler.h:188] Compiled cluster using XLA!  This line is logged at most once for the lifetime of the process.
 Total Return (%)   CAGR (%)  Sharpe Ratio  Sortino Ratio  Profit Factor  Win Rate (%)  Max Drawdown (%)  Recovery Factor  Calmar Ratio  Annualized Volatility (%)  Time Underwater (bars)  Ulcer Index  Max Consecutive Losses  Trade Events  Benchmark Return (%)  Alpha vs Benchmark (%)  Benchmark Sharpe Ratio  IS_Total Return (%)  IS_CAGR (%)  IS_Sharpe Ratio  IS_Sortino Ratio  IS_Profit Factor  IS_Win Rate (%)  IS_Max Drawdown (%)  IS_Recovery Factor  IS_Calmar Ratio  IS_Annualized Volatility (%)  IS_Time Underwater (bars)  IS_Ulcer Index  IS_Max Consecutive Losses  IS_Trade Events  IS_Benchmark Return (%)  IS_Alpha vs Benchmark (%)  IS_Benchmark Sharpe Ratio  Walk-Forward Efficiency  Walk-Forward Efficiency (Sharpe)  IS Annualized Return  OOS Annualized Return  Fold
        -1.277994 -33.129108     -2.032382      -2.527825       0.910519     45.081967         -4.418409        -0.289243     -7.497972                  19.818767                   229.0     0.024941                     6.0          49.0             -3.552441                2.274447               -3.055250            25.918815   288.367798         7.191299         12.673524          1.427020        48.228883            -3.036023            8.537095        94.982094                     18.835645                      995.0        0.009200                        7.0            208.0                12.685383                  13.233432                   2.292605                -0.114885                         -0.282617              2.883678              -0.331291     1
        -0.712709 -20.050446     -2.604937      -3.432208       0.879124     45.783133         -1.327739        -0.536783    -15.101191                   9.196183                   169.0     0.004020                     4.0          40.0              4.615361               -5.328070                6.295137            26.413868   297.443478         7.127199         12.542113          1.413532        47.419805            -2.013291           13.119745       147.739918                     19.342879                      922.0        0.005224                        8.0            193.0                 1.392804                  25.021064                   0.351052                -0.067409                         -0.365492              2.974435              -0.200504     2
        -3.888081 -71.081626     -6.446820      -7.523824       0.707571     42.982456         -6.056801        -0.641936    -11.735837                  19.265951                   279.0     0.043871                     5.0          31.0              8.005853              -11.893934                8.440752            19.643230   187.431890         5.806800         10.372998          1.331119        45.649073            -2.754518            7.131276        68.045250                     18.120305                     1084.0        0.006910                        6.0            198.0                -1.640005                  21.283235                  -0.233666                -0.379240                         -1.110219              1.874319              -0.710816     3
         1.049684  38.637115      5.305794      16.467736       2.503682     45.454545         -0.381222         2.753470    101.350608                   5.811989                    21.0     0.002585                     2.0           8.0            -11.752161               12.801846               -8.294547            36.572198   526.456555         9.788444         19.161008          1.623707        49.022346            -1.842740           19.846635       285.692186                     18.721291                     1047.0        0.004341                        6.0            188.0                 9.606964                  26.965234                   1.853749                 0.073391                          0.542047              5.264566               0.386371     4
         0.358077  11.831914      0.727007       1.044290       1.048566     42.574257         -2.569873         0.139336      4.604086                  13.967790                   128.0     0.007508                     6.0          39.0              0.512178               -0.154101                0.561798            30.428014   377.748742         8.158657         15.069861          1.508047        49.039882            -2.842091           10.706207       132.912260                     19.148832                     1081.0        0.008933                        7.0            198.0                -4.918479                  35.346494                  -0.704584                 0.031322                          0.089109              3.777487               0.118319     5
         0.330193  10.863902      0.585867       0.870275       1.044351     44.000000         -2.827342         0.116786      3.842443                  16.503830                   251.0     0.014222                     5.0          24.0             -9.487144                9.817337               -6.550987            34.794416   479.950651        10.172353         17.668388          1.627246        50.989346            -1.988193           17.500520       241.400397                     17.230566                      974.0        0.004361                        6.0            198.0                -6.986091                  41.780508                  -1.015274                 0.022635                          0.057594              4.799507               0.108639     6
         2.468292 114.437130      9.592943      27.884245       2.751342     50.000000         -0.358105         6.892658    319.563494                   7.775333                    52.0     0.001007                     2.0          16.0              9.094911               -6.626619                5.792351            29.049410   348.777866         7.474072         12.426070          1.480958        48.300537            -3.153088            9.213004       110.614699                     20.091027                     1081.0        0.006542                        6.0            202.0               -25.732024                  54.781434                  -3.875837                 0.328109                          1.283496              3.487779               1.144371     7
         3.499070 193.290106      3.833710       5.991793       1.199852     43.478261         -3.663135         0.955212     52.766312                  28.606135                   169.0     0.016833                     7.0          53.0             -2.422477                5.921547               -1.417020            33.485716   447.578989         7.853059         12.508141          1.495425        49.019608            -3.153088           10.619975       141.949418                     21.698531                      980.0        0.006132                        8.0            199.0               -28.362201                  61.847917                  -3.859166                 0.431857                          0.488181              4.475790               1.932901     8
         2.279334 102.404972      4.227361       7.986795       1.273042     47.826087         -2.036809         1.119071     50.277157                  16.527159                   239.0     0.006082                     6.0          39.0              1.413358                0.865976                1.531317            39.795024   618.660527         8.015694         12.529432          1.518951        50.082102            -3.791523           10.495788       163.169392                     24.738537                      905.0        0.007879                        7.0            186.0               -20.227807                  60.022831                  -2.507451                 0.165527                          0.527386              6.186605               1.024050     9
         1.049215  38.616958      1.642886       2.664030       1.084459     40.140845         -2.083959         0.503472     18.530571                  19.851747                   254.0     0.007157                     6.0          52.0              1.232824               -0.183609                1.245713            37.283314   545.905596         8.077031         13.035979          1.533246        48.919753            -3.288424           11.337745       166.008268                     23.182667                      940.0        0.006512                        5.0            184.0               -12.979365                  50.262679                  -1.566775                 0.070739                          0.203402              5.459056               0.386170    10
       -11.137686 -97.513468    -12.145838     -12.891688       0.479304     38.596491        -11.943631        -0.932521     -8.164474                  30.197210                   244.0     0.045428                     7.0          42.0            -12.307051                1.169365               -8.602604            28.512481   337.896604         7.211432         11.889361          1.451015        48.453608            -2.069274           13.778976       163.292323                     20.493275                     1047.0        0.006311                        6.0            194.0                 1.399690                  27.112791                   0.359475                -0.288590                         -1.684248              3.378966              -0.975135    11
         0.000000   0.000000      0.000000       0.000000            inf      0.000000          0.000000         0.000000      0.000000                   0.000000                     0.0     0.000000                     0.0           0.0             -4.185334                4.185334               -1.565198            30.776898   385.321413         7.866229         14.017602          1.518658        47.286822            -2.007216           15.333130       191.968119                     20.084116                     1044.0        0.005282                        5.0            190.0               -17.831752                  48.608649                  -2.562850                 0.000000                          0.000000              3.853214               0.000000    12
        -0.248521  -7.489538      0.044098       0.058309       1.003175     46.969697         -6.842014        -0.036323     -1.094639                  48.923022                   206.0     0.026626                     7.0          33.0              0.689999               -0.938521                0.627397            32.887946   433.300031         7.768518         12.703267          1.503574        47.142857            -2.691568           12.218880       160.984243                     21.591266                     1014.0        0.008897                        7.0            200.0               -23.099709                  55.987654                  -3.000967                -0.017285                          0.005677              4.333000              -0.074895    13
         2.617298 124.410761      6.896037      15.245377       2.304958     42.857143         -0.879771         2.974977    141.412680                  11.527534                    39.0     0.005151                     2.0          16.0              5.941938               -3.324640                4.118812            38.179110   571.116557         7.777727         13.025268          1.548287        48.484848            -4.067481            9.386427       140.410395                     24.610563                      980.0        0.011723                        7.0            182.0               -21.163721                  59.342832                  -2.334215                 0.217838                          0.886639              5.711166               1.244108    14
         1.306838  50.111057      2.157983       3.254185       1.112563     48.214286         -2.303216         0.567397     21.756998                  18.703628                   168.0     0.008723                     4.0          35.0             -6.122664                7.429502               -4.139008            53.716432  1156.725538         8.698740         15.036663          1.579283        47.971781            -3.493014           15.378246       331.153974                     29.364825                      963.0        0.011446                        7.0            192.0               -25.685522                  79.401953                  -2.835202                 0.043321                          0.248080             11.567255               0.501111    15
         4.478628 293.810907      8.613263      17.101166       1.800681     51.515152         -1.107119         4.045301    265.383359                  15.827277                   125.0     0.003870                     4.0          22.0             12.860882               -8.382254                8.952194            66.204945  1890.454424         9.730703         16.347005          1.629436        50.319489            -2.691568           24.597166       702.361763                     31.029483                      943.0        0.010231                        7.0            198.0               -11.526531                  77.731477                  -1.045325                 0.155418                          0.885163             18.904544               2.938109    16
         0.000000   0.000000      0.000000       0.000000            inf      0.000000          0.000000         0.000000      0.000000                   0.000000                     0.0     0.000000                     0.0           0.0              2.977662               -2.977662                3.039321            54.135146  1177.013137         9.220933         15.723537          1.566542        49.460709            -3.446034           15.709406       341.555879                     27.828373                     1050.0        0.007882                        7.0            187.0                 8.971880                  45.163266                   1.264809                 0.000000                          0.000000             11.770131               0.000000    17
        -3.704717 -69.304755     -4.915103      -7.253210       0.833841     43.842365         -3.967297        -0.933814    -17.469013                  23.858658                   274.0     0.020876                     6.0          55.0             -3.744340                0.039623               -3.821007            49.456908   965.105298         9.819621         17.484823          1.619093        49.548193            -3.263740           15.153445       295.705295                     24.187396                      959.0        0.005083                        5.0            187.0                19.326168                  30.130740                   2.674360                -0.071811                         -0.500539              9.651053              -0.693048    18

--- Summary ---
  n_folds: 18
  mean_sharpe: 0.8601038102952424
  mean_profit_factor: 1.3085643961371751
  mean_total_return_pct: -0.08517102665634121
  mean_wfe: 0.033385497057173745
  mean_wfe_sharpe: 0.07075876255179218
  mean_calmar: 51.02358773164489
  mean_sortino: 3.6077471307847464
  worst_max_drawdown_pct: -11.943630765104675
  mean_recovery_factor: 0.9276143925666306
  total_trade_events: 554
  folds_positive_return: 10
  sharpe_std_across_folds: 5.388214673349984

--- ACCEPTANCE (FAIL) ---
  [OK] min_folds: n_folds=18, required>=5
  [OK] min_oos_profit_factor: mean_pf=1.3086, required>=1.2
  [OK] min_oos_sharpe: mean_sharpe=0.8601, required>0.5
  [X] min_wfe: mean_wfe=0.0334, required>=0.5
  [OK] max_drawdown_pct: worst_dd=-11.94%, limit>=-35.0%
  [X] min_recovery_factor: mean_recovery=0.9276, required>=1.0
  [X] min_total_return_pct: mean_return=-0.09%, required>0.0%
  [OK] min_trade_events: total_trade_events=554, required>=30

--- TARGET (FAIL) ---
  [OK] min_folds: n_folds=18, required>=5
  [OK] min_oos_profit_factor: mean_pf=1.3086, required>=1.2
  [OK] min_oos_sharpe: mean_sharpe=0.8601, required>0.5
  [X] min_wfe: mean_wfe=0.0334, required>=0.5
  [OK] max_drawdown_pct: worst_dd=-11.94%, limit>=-35.0%
  [X] min_recovery_factor: mean_recovery=0.9276, required>=1.0
  [X] min_total_return_pct: mean_return=-0.09%, required>0.0%
  [OK] min_trade_events: total_trade_events=554, required>=30
