2026-05-22 16:37:39.193910: E external/local_xla/xla/stream_executor/cuda/cuda_fft.cc:467] Unable to register cuFFT factory: Attempting to register factory for plugin cuFFT when one has already been registered
WARNING: All log messages before absl::InitializeLog() is called are written to STDERR
E0000 00:00:1779457059.392453  107636 cuda_dnn.cc:8579] Unable to register cuDNN factory: Attempting to register factory for plugin cuDNN when one has already been registered
E0000 00:00:1779457059.449818  107636 cuda_blas.cc:1407] Unable to register cuBLAS factory: Attempting to register factory for plugin cuBLAS when one has already been registered
W0000 00:00:1779457059.884500  107636 computation_placer.cc:177] computation placer already registered. Please check linkage and avoid linking the same target more than once.
W0000 00:00:1779457059.884571  107636 computation_placer.cc:177] computation placer already registered. Please check linkage and avoid linking the same target more than once.
W0000 00:00:1779457059.884577  107636 computation_placer.cc:177] computation placer already registered. Please check linkage and avoid linking the same target more than once.
W0000 00:00:1779457059.884580  107636 computation_placer.cc:177] computation placer already registered. Please check linkage and avoid linking the same target more than once.
2026-05-22 16:37:39.945871: I tensorflow/core/platform/cpu_feature_guard.cc:210] This TensorFlow binary is optimized to use available CPU instructions in performance-critical operations.
To enable the following instructions: AVX2 FMA, in other operations, rebuild TensorFlow with the appropriate compiler flags.
I0000 00:00:1779457106.997440  107636 gpu_device.cc:2019] Created device /job:localhost/replica:0/task:0/device:GPU:0 with 4066 MB memory:  -> device: 0, name: NVIDIA GeForce GTX 1660 Ti, pci bus id: 0000:01:00.0, compute capability: 7.5
I0000 00:00:1779457115.512161  107700 cuda_dnn.cc:529] Loaded cuDNN version 90300
WARNING: All log messages before absl::InitializeLog() is called are written to STDERR
I0000 00:00:1779457127.282109  107700 service.cc:152] XLA service 0x729403a51160 initialized for platform CUDA (this does not guarantee that XLA will be used). Devices:
I0000 00:00:1779457127.282179  107700 service.cc:160]   StreamExecutor device (0): NVIDIA GeForce GTX 1660 Ti, Compute Capability 7.5
2026-05-22 16:38:47.373257: I tensorflow/compiler/mlir/tensorflow/utils/dump_mlir_util.cc:269] disabling MLIR crash reproducer, set env var `MLIR_CRASH_REPRODUCER_DIRECTORY` to enable.
I0000 00:00:1779457131.478086  107700 device_compiler.h:188] Compiled cluster using XLA!  This line is logged at most once for the lifetime of the process.
 Total Return (%)    CAGR (%)  Sharpe Ratio  Sortino Ratio  Profit Factor  Win Rate (%)  Max Drawdown (%)  Recovery Factor  Calmar Ratio  Annualized Volatility (%)  Time Underwater (bars)  Ulcer Index  Max Consecutive Losses  Trade Events  Benchmark Return (%)  Alpha vs Benchmark (%)  Benchmark Sharpe Ratio  IS_Total Return (%)  IS_CAGR (%)  IS_Sharpe Ratio  IS_Sortino Ratio  IS_Profit Factor  IS_Win Rate (%)  IS_Max Drawdown (%)  IS_Recovery Factor  IS_Calmar Ratio  IS_Annualized Volatility (%)  IS_Time Underwater (bars)  IS_Ulcer Index  IS_Max Consecutive Losses  IS_Trade Events  IS_Benchmark Return (%)  IS_Alpha vs Benchmark (%)  IS_Benchmark Sharpe Ratio  Walk-Forward Efficiency  Walk-Forward Efficiency (Sharpe)  IS Annualized Return  OOS Annualized Return  Fold
        -1.872091  -69.348786     -5.108982      -5.737405       0.785074     47.540984         -3.137330        -0.596715    -22.104398                  23.018550                    86.0     0.009145                     6.0          19.0             -5.490286                3.618195               -9.363570            20.505678   199.846551         6.592968         10.876406          1.392409        48.682171            -1.859855           11.025420       107.452782                     16.560457                     1013.0        0.007098                        6.0            180.0                12.685383                   7.820296                   2.292605                -0.347010                         -0.774914              1.998466              -0.693488     1
        -0.005777   -0.360807     -0.170834      -0.217392       1.001103     50.000000         -1.150633        -0.005020     -0.313573                  10.571481                    98.0     0.003900                     3.0          22.0              3.872685               -3.878462                9.904710            26.320863   295.725143         7.106621         12.485084          1.410747        47.434119            -2.072524           12.699907       142.688397                     19.337774                      973.0        0.005906                        8.0            197.0                 1.392804                  24.928059                   0.351052                -0.001220                         -0.024039              2.957251              -0.003608     2
        -5.622636  -97.324253    -15.137522     -15.633007       0.516525     40.425532         -5.826387        -0.965030    -16.704049                  23.859587                   139.0     0.040243                     4.0          25.0             -2.438923               -3.183713               -5.552657            19.145452   180.462901         5.708648         10.230032          1.328992        45.586107            -2.712908            7.057169        66.520087                     17.997988                     1101.0        0.006554                        8.0            200.0                -1.640005                  20.785457                  -0.233666                -0.539303                         -2.651682              1.804629              -0.973243     3
         0.588211   44.336028      8.662954      54.563420       8.347195     66.666667         -0.080000         7.352640    554.200347                   4.014561                     1.0     0.000800                     1.0           2.0             -6.015823                6.604035               -7.540311            35.403084   495.538781         9.355343         17.934536          1.568809        48.525469            -2.262886           15.645106       218.985348                     19.053571                     1009.0        0.004555                        6.0            188.0                 9.606964                  25.796120                   1.853749                 0.089470                          0.925990              4.955388               0.443360     4
         1.152209  104.793515      8.486329      26.491539       3.387441     60.000000         -0.362394         3.179441    289.170382                   8.251232                     5.0     0.001766                     2.0           4.0              7.590702               -6.438492               15.817872            15.097893   128.828197         5.597956         11.127202          1.509239        48.369565            -1.967684            7.672926        65.471996                     14.620537                      907.0        0.006401                        4.0            140.0                -4.918479                  20.016372                  -0.704584                 0.813436                          1.515969              1.288282               1.047935     5
        -0.884853  -42.657573     -2.496768      -3.451904       0.895621     45.312500         -2.827342        -0.312963    -15.087516                  22.103360                   110.0     0.011816                     5.0          22.0              0.326246               -1.211099                0.659631            34.227078   465.727460        10.070035         17.514001          1.625097        50.766871            -1.988193           17.215166       234.246570                     17.157770                      925.0        0.004447                        6.0            202.0                -6.986091                  41.213170                  -1.015274                -0.091593                         -0.247940              4.657275              -0.426576     6
        -0.033957   -2.102684     -0.210451      -0.261471       0.992455     41.666667         -1.483574        -0.022889     -1.417310                  14.571541                    97.0     0.014300                     2.0           8.0              7.370832               -7.404789                9.976400            38.427325   578.244936         8.872447         14.435701          1.544858        50.546022            -3.153088           12.187204       183.390048                     21.615842                     1092.0        0.006922                        8.0            200.0               -25.732024                  64.159349                  -3.875837                -0.003636                         -0.023720              5.782449              -0.021027     7
         4.616762 1584.533549     10.324514      26.619189       2.059622     43.478261         -1.059251         4.358516   1495.900087                  27.524438                    39.0     0.003304                     3.0          27.0              0.687839                3.928923                1.058458            24.366975   261.025539         6.608919         10.531938          1.480615        48.877805            -3.153088            7.727972        82.784099                     19.408234                      737.0        0.005509                        5.0            135.0               -28.362201                  52.729176                  -3.859166                 6.070416                          1.562209              2.610255              15.845335     8
         2.577018  391.381319      7.282207      14.578411       1.486912     50.000000         -2.036809         1.265223    192.154148                  21.914910                    99.0     0.007122                     6.0          20.0             -0.753012                3.330030               -1.254502            36.576923   526.584143         7.533752         11.680296          1.484447        49.833887            -3.791523            9.647026       138.884591                     24.492830                      962.0        0.007686                        7.0            182.0               -20.227807                  56.804730                  -2.507451                 0.743246                          0.966611              5.265841               3.913813     9
         1.275619  121.029368      3.626660       5.455566       1.167994     41.860465         -1.659133         0.768847     72.947346                  21.979546                   122.0     0.005826                     6.0          32.0             -3.242540                4.518160               -6.350875            37.426558   549.883329         8.103631         13.073790          1.535257        49.074074            -3.288424           11.381305       167.217885                     23.182339                      940.0        0.006507                        5.0            182.0               -12.979365                  50.405923                  -1.566775                 0.220100                          0.447535              5.498833               1.210294    10
        -0.096034   -5.834725     -0.253377      -0.361448       0.992043     41.791045         -2.495529        -0.038482     -2.338071                  22.076667                   103.0     0.009050                     7.0          27.0             -2.076266                1.980233               -2.950342            24.123802   256.889582         6.402692         10.423761          1.397604        47.655068            -2.069274           11.658098       124.144771                     19.866855                     1068.0        0.005933                        6.0            200.0                 1.399690                  22.724112                   0.359475                -0.022713                         -0.039574              2.568896              -0.058347    11
         0.000000    0.000000      0.000000       0.000000            inf      0.000000          0.000000         0.000000      0.000000                   0.000000                     0.0     0.000000                     0.0           0.0             -4.530209                4.530209               -2.936485            20.711241   202.870320         6.436112         12.046625          1.490576        45.233266            -1.811637           11.432338       111.981799                     17.134707                      977.0        0.004991                        5.0            172.0               -17.831752                  38.542993                  -2.562850                 0.000000                          0.000000              2.028703               0.000000    12
         4.604900 1572.624513      7.141801      11.629156       1.366692     51.948052         -5.276884         0.872655    298.021410                  40.293088                    69.0     0.027112                     7.0           6.0              2.038621                2.566280                2.622735            33.727794   453.451083         7.854712         12.777142          1.502040        47.596899            -2.691568           12.530909       168.470976                     21.833292                      985.0        0.008870                        7.0            198.0               -23.099709                  56.827502                  -3.000967                 3.468124                          0.909238              4.534511              15.726245    13
         1.890982  222.898072      7.729641      15.726133       1.987088     42.105263         -0.879771         2.149403    253.359223                  15.051894                    38.0     0.005217                     2.0          14.0              3.050110               -1.159128                4.043102            52.859420  1116.034963         9.020227         15.356209          1.609603        48.929160            -2.879759           18.355499       387.544519                     27.907264                      994.0        0.009767                        7.0            186.0               -21.163721                  74.023141                  -2.334215                 0.199723                          0.856923             11.160350               2.228981    14
        -0.406964  -22.520954     -1.586452      -2.326741       0.922910     41.463415         -1.532832        -0.265498    -14.692383                  16.493482                    62.0     0.005280                     3.0          13.0             -6.218321                5.811358               -7.922323            40.258373   632.797625         8.370279         14.795761          1.693910        48.500000            -4.067481            9.897619       155.574836                     23.898328                      660.0        0.013777                        7.0            146.0               -25.685522                  65.943895                  -2.835202                -0.035590                         -0.189534              6.327976              -0.225210    15
         0.027974    1.765515      0.011352       0.016046       1.016490     46.428571         -0.617450         0.045305      2.859363                   8.328743                    78.0     0.002001                     3.0          13.0              8.132222               -8.104249               11.659172            42.379506   700.497855         8.008481         13.212253          1.564486        49.603175            -3.763666           11.260166       186.121152                     26.152007                      874.0        0.011811                        7.0            174.0               -11.526531                  53.906037                  -1.045325                 0.002520                          0.001417              7.004979               0.017655    16
         0.000000    0.000000      0.000000       0.000000            inf      0.000000          0.000000         0.000000      0.000000                   0.000000                     0.0     0.000000                     0.0           0.0              2.601636               -2.601636                5.381514            55.148223  1227.226058         9.380035         16.041351          1.581858        49.535604            -3.446034           16.003390       356.127100                     27.765781                     1047.0        0.007919                        7.0            191.0                 8.971880                  46.176342                   1.264809                 0.000000                          0.000000             12.272261               0.000000    17
        -0.549477  -29.161209     -1.405533      -1.996500       0.952746     46.956522         -2.815569        -0.195157    -10.357129                  23.932420                   133.0     0.017196                     5.0          24.0              0.214598               -0.764074                0.550198            54.894888  1214.518527        10.383859         18.558406          1.636387        50.071736            -3.622983           15.151848       335.226112                     24.917046                      877.0        0.005429                        5.0            195.0                19.326168                  35.568720                   2.674360                -0.024011                         -0.135357             12.145185              -0.291612    18

--- Summary ---
  n_folds: 18
  mean_sharpe: 1.494196616807935
  mean_profit_factor: 1.7423693371850422
  mean_total_return_pct: 0.4034381945861575
  mean_wfe: 0.5856643872808641
  mean_wfe_sharpe: 0.17217404362027128
  mean_calmar: 170.86654876149348
  mean_sortino: 6.949644004393884
  worst_max_drawdown_pct: -5.826387097608987
  mean_recovery_factor: 0.9772376226403973
  total_trade_events: 278
  folds_positive_return: 8
  sharpe_std_across_folds: 6.214400137307501

--- ACCEPTANCE (FAIL) ---
  [OK] min_folds: n_folds=18, required>=5
  [OK] min_oos_profit_factor: mean_pf=1.7424, required>=1.2
  [OK] min_oos_sharpe: mean_sharpe=1.4942, required>0.5
  [OK] min_wfe: mean_wfe=0.5857, required>=0.5
  [OK] max_drawdown_pct: worst_dd=-5.83%, limit>=-35.0%
  [X] min_recovery_factor: mean_recovery=0.9772, required>=1.0
  [OK] min_total_return_pct: mean_return=0.40%, required>0.0%
  [OK] min_trade_events: total_trade_events=278, required>=30

--- TARGET (FAIL) ---
  [OK] min_folds: n_folds=18, required>=5
  [OK] min_oos_profit_factor: mean_pf=1.7424, required>=1.2
  [OK] min_oos_sharpe: mean_sharpe=1.4942, required>0.5
  [OK] min_wfe: mean_wfe=0.5857, required>=0.5
  [OK] max_drawdown_pct: worst_dd=-5.83%, limit>=-35.0%
  [X] min_recovery_factor: mean_recovery=0.9772, required>=1.0
  [OK] min_total_return_pct: mean_return=0.40%, required>0.0%
  [OK] min_trade_events: total_trade_events=278, required>=30
